app/+html.tsx(10,10): error TS2686: 'React' refers to a UMD global, but the current file is a module. Consider adding an import instead.
app/+html.tsx(11,14): error TS2686: 'React' refers to a UMD global, but the current file is a module. Consider adding an import instead.
app/+html.tsx(12,18): error TS2686: 'React' refers to a UMD global, but the current file is a module. Consider adding an import instead.
app/+html.tsx(13,18): error TS2686: 'React' refers to a UMD global, but the current file is a module. Consider adding an import instead.
app/+html.tsx(14,18): error TS2686: 'React' refers to a UMD global, but the current file is a module. Consider adding an import instead.
app/+html.tsx(20,18): error TS2686: 'React' refers to a UMD global, but the current file is a module. Consider adding an import instead.
app/+html.tsx(23,18): error TS2686: 'React' refers to a UMD global, but the current file is a module. Consider adding an import instead.
app/+html.tsx(26,14): error TS2686: 'React' refers to a UMD global, but the current file is a module. Consider adding an import instead.
components/Dashboard/Cards/StatCard.tsx(40,9): error TS2769: No overload matches this call.
  Overload 1 of 2, '(props: LinearGradientProps): LinearGradient', gave the following error.
    Type 'string[]' is not assignable to type 'readonly [ColorValue, ColorValue, ...ColorValue[]]'.
      Source provides no match for required element at position 0 in target.
  Overload 2 of 2, '(props: LinearGradientProps, context: any): LinearGradient', gave the following error.
    Type 'string[]' is not assignable to type 'readonly [ColorValue, ColorValue, ...ColorValue[]]'.
      Source provides no match for required element at position 0 in target.
